[debug] [2025-04-27T05:33:08.639Z] ----------------------------------------------------------------------
[debug] [2025-04-27T05:33:08.641Z] Command:       /Users/satyam/.nvm/versions/node/v20.18.3/bin/node /Users/satyam/.nvm/versions/node/v20.18.3/bin/firebase init
[debug] [2025-04-27T05:33:08.641Z] CLI Version:   14.2.1
[debug] [2025-04-27T05:33:08.641Z] Platform:      darwin
[debug] [2025-04-27T05:33:08.641Z] Node Version:  v20.18.3
[debug] [2025-04-27T05:33:08.641Z] Time:          Sun Apr 27 2025 11:03:08 GMT+0530 (India Standard Time)
[debug] [2025-04-27T05:33:08.641Z] ----------------------------------------------------------------------
[debug] 
[debug] [2025-04-27T05:33:08.737Z] > command requires scopes: ["email","openid","https://www.googleapis.com/auth/cloudplatformprojects.readonly","https://www.googleapis.com/auth/firebase","https://www.googleapis.com/auth/cloud-platform"]
[debug] [2025-04-27T05:33:08.737Z] > authorizing via signed-in user (rai.satyam0201@gmail.com)
[info] 
     ######## #### ########  ######## ########     ###     ######  ########
     ##        ##  ##     ## ##       ##     ##  ##   ##  ##       ##
     ######    ##  ########  ######   ########  #########  ######  ######
     ##        ##  ##    ##  ##       ##     ## ##     ##       ## ##
     ##       #### ##     ## ######## ########  ##     ##  ######  ########

You're about to initialize a Firebase project in this directory:

  /Users/satyam/Documents/Projects/Dripster-beta/DripsterBeta4.0

Before we get started, keep in mind:

  * You are initializing within an existing Firebase project directory

[info] 
=== Project Setup
[info] 
[info] First, let's associate this project directory with a Firebase project.
[info] You can create multiple project aliases by running firebase use --add, 
[info] but for now we'll just set up a default project.
[info] 
[debug] [2025-04-27T05:33:14.895Z] Using project from CLI flag: dripster-trendy-fashion
[debug] [2025-04-27T05:33:14.896Z] Checked if tokens are valid: true, expires at: 1745735236509
[debug] [2025-04-27T05:33:14.897Z] Checked if tokens are valid: true, expires at: 1745735236509
[debug] [2025-04-27T05:33:14.898Z] >>> [apiv2][query] GET https://firebase.googleapis.com/v1beta1/projects/dripster-trendy-fashion [none]
[debug] [2025-04-27T05:33:15.615Z] <<< [apiv2][status] GET https://firebase.googleapis.com/v1beta1/projects/dripster-trendy-fashion 200
[debug] [2025-04-27T05:33:15.615Z] <<< [apiv2][body] GET https://firebase.googleapis.com/v1beta1/projects/dripster-trendy-fashion {"projectId":"dripster-trendy-fashion","projectNumber":"723827678023","displayName":"Dripster-Trendy Fashion ","name":"projects/dripster-trendy-fashion","resources":{"hostingSite":"dripster-trendy-fashion"},"state":"ACTIVE","etag":"1_a729c1e2-3d81-4324-8686-a6131be42031"}
[info] i  Using project dripster-trendy-fashion (Dripster-Trendy Fashion ) 
[info] 
=== Dataconnect Setup
[debug] [2025-04-27T05:33:15.626Z] Checked if tokens are valid: true, expires at: 1745735236509
[debug] [2025-04-27T05:33:15.626Z] Checked if tokens are valid: true, expires at: 1745735236509
[debug] [2025-04-27T05:33:15.627Z] >>> [apiv2][query] GET https://cloudbilling.googleapis.com/v1/projects/dripster-trendy-fashion/billingInfo [none]
[debug] [2025-04-27T05:33:17.042Z] <<< [apiv2][status] GET https://cloudbilling.googleapis.com/v1/projects/dripster-trendy-fashion/billingInfo 200
[debug] [2025-04-27T05:33:17.042Z] <<< [apiv2][body] GET https://cloudbilling.googleapis.com/v1/projects/dripster-trendy-fashion/billingInfo {"name":"projects/dripster-trendy-fashion/billingInfo","projectId":"dripster-trendy-fashion","billingAccountName":"","billingEnabled":false}
[info] i  dataconnect: ensuring required API sqladmin.googleapis.com is enabled... 
[debug] [2025-04-27T05:33:17.043Z] Checked if tokens are valid: true, expires at: 1745735236509
[debug] [2025-04-27T05:33:17.043Z] Checked if tokens are valid: true, expires at: 1745735236509
[debug] [2025-04-27T05:33:17.044Z] >>> [apiv2][query] GET https://serviceusage.googleapis.com/v1/projects/dripster-trendy-fashion/services/sqladmin.googleapis.com [none]
[debug] [2025-04-27T05:33:17.044Z] >>> [apiv2][(partial)header] GET https://serviceusage.googleapis.com/v1/projects/dripster-trendy-fashion/services/sqladmin.googleapis.com x-goog-quota-user=projects/dripster-trendy-fashion
[debug] [2025-04-27T05:33:18.778Z] <<< [apiv2][status] GET https://serviceusage.googleapis.com/v1/projects/dripster-trendy-fashion/services/sqladmin.googleapis.com 200
[debug] [2025-04-27T05:33:18.778Z] <<< [apiv2][body] GET https://serviceusage.googleapis.com/v1/projects/dripster-trendy-fashion/services/sqladmin.googleapis.com [omitted]
[info] ✔  dataconnect: required API sqladmin.googleapis.com is enabled 
[info] i  dataconnect/dataconnect.yaml is unchanged 
[info] i  dataconnect/schema/schema.gql is unchanged 
[info] ✔  Wrote dataconnect/connector/connector.yaml 
[info] i  dataconnect/connector/queries.gql is unchanged 
[info] i  dataconnect/connector/mutations.gql is unchanged 
[info] ✔  Detected WEB app in directory /Users/satyam/Documents/Projects/Dripster-beta/DripsterBeta4.0 
[info] i  Detected react app. Enabling react generated SDKs. 
[info] i  Writing your new SDK configuration to /Users/satyam/Documents/Projects/Dripster-beta/DripsterBeta4.0/dataconnect/connector/connector.yaml 
[info] ✔  Wrote dataconnect/connector/connector.yaml 
[debug] [2025-04-27T05:33:24.560Z] defaultcredentials: writing to file /Users/satyam/.config/firebase/rai_satyam0201_gmail.com_application_default_credentials.json
[debug] [2025-04-27T05:33:24.563Z] Setting GAC to /Users/satyam/.config/firebase/rai_satyam0201_gmail.com_application_default_credentials.json {"metadata":{"emulator":{"name":"dataconnect"},"message":"Setting GAC to /Users/satyam/.config/firebase/rai_satyam0201_gmail.com_application_default_credentials.json"}}
[info] I0427 11:03:24.808742   95635 codegen.go:82] [connector "default" javascriptSdk] Generating sources into "/Users/satyam/Documents/Projects/Dripster-beta/DripsterBeta4.0/dataconnect-generated/js/default-connector"
I0427 11:03:24.823588   95635 generate.go:40] Generated all sources. Writing them to disk...
I0427 11:03:24.825377   95635 collector.go:107] connector "default" javascriptSdk wrote into "/Users/satyam/Documents/Projects/Dripster-beta/DripsterBeta4.0/dataconnect-generated/js/default-connector"
Generated sources: angular/index.cjs.js [1B] index.d.ts [246B] esm/index.esm.js [117B] index.cjs.js [152B] package.json [1110B] react/package.json [468B] react/README.md [5417B] angular/index.d.ts [0B] angular/esm/index.esm.js [0B] README.md [2774B] react/index.d.ts [228B] angular/package.json [661B] esm/package.json [17B] react/esm/package.json [17B] react/index.cjs.js [0B] react/esm/index.esm.js [0B] angular/esm/package.json [17B] 
I0427 11:03:24.827499   95635 installsdk.go:49] Package @firebasegen/default-connector is already installed. Skipping installation

[info] i  Generated SDK code for default 
[info] i  Visit https://firebase.google.com/docs/data-connect/web-sdk#react for more information on how to set up React Generated SDKs for Firebase Data Connect 
[info] i  Run `npm i --save @angular/fire @tanstack-query-firebase/angular @tanstack/angular-query-experimental` to install angular sdk dependencies.
Visit https://github.com/invertase/tanstack-query-firebase/tree/main/packages/angular for more information on how to set up Angular Generated SDKs for Firebase Data Connect 
[info] ✔  If you'd like to add more generated SDKs to your app your later, run firebase init dataconnect:sdk again 
[info] i  If you'd like to provision a CloudSQL Postgres instance on the Firebase Data Connect no-cost trial:
1. Please upgrade to the pay-as-you-go (Blaze) billing plan. Visit the following page:
     https://console.firebase.google.com/project/dripster-trendy-fashion/usage/details
2. Run firebase init dataconnect again to configure the Cloud SQL instance.
3. Run firebase deploy --only dataconnect to deploy your Data Connect service. 
[info] 
=== Firestore Setup
[debug] [2025-04-27T05:33:24.830Z] Checked if tokens are valid: true, expires at: 1745735236509
[debug] [2025-04-27T05:33:24.830Z] Checked if tokens are valid: true, expires at: 1745735236509
[debug] [2025-04-27T05:33:24.830Z] >>> [apiv2][query] GET https://serviceusage.googleapis.com/v1/projects/dripster-trendy-fashion/services/firestore.googleapis.com [none]
[debug] [2025-04-27T05:33:24.830Z] >>> [apiv2][(partial)header] GET https://serviceusage.googleapis.com/v1/projects/dripster-trendy-fashion/services/firestore.googleapis.com x-goog-quota-user=projects/dripster-trendy-fashion
[debug] [2025-04-27T05:33:26.638Z] <<< [apiv2][status] GET https://serviceusage.googleapis.com/v1/projects/dripster-trendy-fashion/services/firestore.googleapis.com 200
[debug] [2025-04-27T05:33:26.638Z] <<< [apiv2][body] GET https://serviceusage.googleapis.com/v1/projects/dripster-trendy-fashion/services/firestore.googleapis.com [omitted]
[debug] [2025-04-27T05:33:26.638Z] Checked if tokens are valid: true, expires at: 1745735236509
[debug] [2025-04-27T05:33:26.638Z] Checked if tokens are valid: true, expires at: 1745735236509
[debug] [2025-04-27T05:33:26.638Z] >>> [apiv2][query] GET https://firestore.googleapis.com/v1/projects/dripster-trendy-fashion/databases/(default) [none]
[debug] [2025-04-27T05:33:26.775Z] <<< [apiv2][status] GET https://firestore.googleapis.com/v1/projects/dripster-trendy-fashion/databases/(default) 200
[debug] [2025-04-27T05:33:26.775Z] <<< [apiv2][body] GET https://firestore.googleapis.com/v1/projects/dripster-trendy-fashion/databases/(default) {"name":"projects/dripster-trendy-fashion/databases/(default)","uid":"8eaf45f9-1616-4d6b-b9e6-af8d8982c6cf","createTime":"2025-04-27T05:32:18.532973Z","updateTime":"2025-04-27T05:32:18.532973Z","locationId":"asia-south2","type":"FIRESTORE_NATIVE","concurrencyMode":"PESSIMISTIC","versionRetentionPeriod":"3600s","earliestVersionTime":"2025-04-27T05:32:18.532973Z","appEngineIntegrationMode":"DISABLED","pointInTimeRecoveryEnablement":"POINT_IN_TIME_RECOVERY_DISABLED","deleteProtectionState":"DELETE_PROTECTION_DISABLED","databaseEdition":"STANDARD","freeTier":true,"etag":"IPL8j8G+94wDMO38xqC+94wD"}
[debug] [2025-04-27T05:33:26.775Z] database_type: FIRESTORE_NATIVE
[debug] [2025-04-27T05:33:26.775Z] database_type: FIRESTORE_NATIVE
[debug] [2025-04-27T05:33:26.776Z] > command requires scopes: ["email","openid","https://www.googleapis.com/auth/cloudplatformprojects.readonly","https://www.googleapis.com/auth/firebase","https://www.googleapis.com/auth/cloud-platform"]
[debug] [2025-04-27T05:33:26.776Z] > authorizing via signed-in user (rai.satyam0201@gmail.com)
[debug] [2025-04-27T05:33:26.776Z] [iam] checking project dripster-trendy-fashion for permissions ["firebase.projects.get"]
[debug] [2025-04-27T05:33:26.776Z] Checked if tokens are valid: true, expires at: 1745735236509
[debug] [2025-04-27T05:33:26.776Z] Checked if tokens are valid: true, expires at: 1745735236509
[debug] [2025-04-27T05:33:26.776Z] >>> [apiv2][query] POST https://cloudresourcemanager.googleapis.com/v1/projects/dripster-trendy-fashion:testIamPermissions [none]
[debug] [2025-04-27T05:33:26.776Z] >>> [apiv2][(partial)header] POST https://cloudresourcemanager.googleapis.com/v1/projects/dripster-trendy-fashion:testIamPermissions x-goog-quota-user=projects/dripster-trendy-fashion
[debug] [2025-04-27T05:33:26.776Z] >>> [apiv2][body] POST https://cloudresourcemanager.googleapis.com/v1/projects/dripster-trendy-fashion:testIamPermissions {"permissions":["firebase.projects.get"]}
[debug] [2025-04-27T05:33:28.296Z] <<< [apiv2][status] POST https://cloudresourcemanager.googleapis.com/v1/projects/dripster-trendy-fashion:testIamPermissions 200
[debug] [2025-04-27T05:33:28.297Z] <<< [apiv2][body] POST https://cloudresourcemanager.googleapis.com/v1/projects/dripster-trendy-fashion:testIamPermissions {"permissions":["firebase.projects.get"]}
[info] 
[info] Firestore Security Rules allow you to define how and when to allow
[info] requests. You can keep these rules in your project directory
[info] and publish them with firebase deploy.
[info] 
[debug] [2025-04-27T05:33:34.136Z] Checked if tokens are valid: true, expires at: 1745735236509
[debug] [2025-04-27T05:33:34.137Z] Checked if tokens are valid: true, expires at: 1745735236509
[debug] [2025-04-27T05:33:34.138Z] >>> [apiv2][query] GET https://firebaserules.googleapis.com/v1/projects/dripster-trendy-fashion/releases pageSize=10&pageToken=
[debug] [2025-04-27T05:33:35.547Z] <<< [apiv2][status] GET https://firebaserules.googleapis.com/v1/projects/dripster-trendy-fashion/releases 200
[debug] [2025-04-27T05:33:35.548Z] <<< [apiv2][body] GET https://firebaserules.googleapis.com/v1/projects/dripster-trendy-fashion/releases {"releases":[{"name":"projects/dripster-trendy-fashion/releases/cloud.firestore","rulesetName":"projects/dripster-trendy-fashion/rulesets/a81e24db-7da5-43ca-87c8-18c4f579c5c1","createTime":"2025-04-27T05:32:27.984585Z","updateTime":"2025-04-27T05:32:27.984585Z"}]}
[debug] [2025-04-27T05:33:35.548Z] Found ruleset: projects/dripster-trendy-fashion/rulesets/a81e24db-7da5-43ca-87c8-18c4f579c5c1
[debug] [2025-04-27T05:33:35.549Z] Checked if tokens are valid: true, expires at: 1745735236509
[debug] [2025-04-27T05:33:35.549Z] Checked if tokens are valid: true, expires at: 1745735236509
[debug] [2025-04-27T05:33:35.549Z] >>> [apiv2][query] GET https://firebaserules.googleapis.com/v1/projects/dripster-trendy-fashion/rulesets/a81e24db-7da5-43ca-87c8-18c4f579c5c1 [none]
[debug] [2025-04-27T05:33:36.907Z] <<< [apiv2][status] GET https://firebaserules.googleapis.com/v1/projects/dripster-trendy-fashion/rulesets/a81e24db-7da5-43ca-87c8-18c4f579c5c1 200
[debug] [2025-04-27T05:33:36.907Z] <<< [apiv2][body] GET https://firebaserules.googleapis.com/v1/projects/dripster-trendy-fashion/rulesets/a81e24db-7da5-43ca-87c8-18c4f579c5c1 [omitted]
[info] 
[info] Firestore indexes allow you to perform complex queries while
[info] maintaining performance that scales with the size of the result
[info] set. You can keep index definitions in your project directory
[info] and publish them with firebase deploy.
[info] 
[debug] [2025-04-27T05:33:50.955Z] Checked if tokens are valid: true, expires at: 1745735236509
[debug] [2025-04-27T05:33:50.955Z] Checked if tokens are valid: true, expires at: 1745735236509
[debug] [2025-04-27T05:33:50.956Z] Checked if tokens are valid: true, expires at: 1745735236509
[debug] [2025-04-27T05:33:50.956Z] Checked if tokens are valid: true, expires at: 1745735236509
[debug] [2025-04-27T05:33:50.956Z] >>> [apiv2][query] GET https://firestore.googleapis.com/v1/projects/dripster-trendy-fashion/databases/(default)/collectionGroups/-/indexes [none]
[debug] [2025-04-27T05:33:50.960Z] >>> [apiv2][query] GET https://firestore.googleapis.com/v1/projects/dripster-trendy-fashion/databases/(default)/collectionGroups/-/fields?filter=indexConfig.usesAncestorConfig=false OR ttlConfig:* [none]
[debug] [2025-04-27T05:33:51.146Z] <<< [apiv2][status] GET https://firestore.googleapis.com/v1/projects/dripster-trendy-fashion/databases/(default)/collectionGroups/-/indexes 200
[debug] [2025-04-27T05:33:51.147Z] <<< [apiv2][body] GET https://firestore.googleapis.com/v1/projects/dripster-trendy-fashion/databases/(default)/collectionGroups/-/indexes {}
[debug] [2025-04-27T05:33:51.509Z] <<< [apiv2][status] GET https://firestore.googleapis.com/v1/projects/dripster-trendy-fashion/databases/(default)/collectionGroups/-/fields?filter=indexConfig.usesAncestorConfig=false OR ttlConfig:* 200
[debug] [2025-04-27T05:33:51.509Z] <<< [apiv2][body] GET https://firestore.googleapis.com/v1/projects/dripster-trendy-fashion/databases/(default)/collectionGroups/-/fields?filter=indexConfig.usesAncestorConfig=false OR ttlConfig:* {"fields":[{"name":"projects/dripster-trendy-fashion/databases/(default)/collectionGroups/__default__/fields/*","indexConfig":{"indexes":[{"queryScope":"COLLECTION","fields":[{"fieldPath":"*","order":"ASCENDING"}],"state":"READY"},{"queryScope":"COLLECTION","fields":[{"fieldPath":"*","order":"DESCENDING"}],"state":"READY"},{"queryScope":"COLLECTION","fields":[{"fieldPath":"*","arrayConfig":"CONTAINS"}],"state":"READY"}]}}]}
[info] 
=== Genkit Setup
[debug] [2025-04-27T05:34:07.542Z] > command requires scopes: ["email","openid","https://www.googleapis.com/auth/cloudplatformprojects.readonly","https://www.googleapis.com/auth/firebase","https://www.googleapis.com/auth/cloud-platform"]
[debug] [2025-04-27T05:34:07.542Z] > authorizing via signed-in user (rai.satyam0201@gmail.com)
[debug] [2025-04-27T05:34:07.542Z] [iam] checking project dripster-trendy-fashion for permissions ["firebase.projects.get"]
[debug] [2025-04-27T05:34:07.543Z] Checked if tokens are valid: true, expires at: 1745735236509
[debug] [2025-04-27T05:34:07.543Z] Checked if tokens are valid: true, expires at: 1745735236509
[debug] [2025-04-27T05:34:07.543Z] >>> [apiv2][query] POST https://cloudresourcemanager.googleapis.com/v1/projects/dripster-trendy-fashion:testIamPermissions [none]
[debug] [2025-04-27T05:34:07.543Z] >>> [apiv2][(partial)header] POST https://cloudresourcemanager.googleapis.com/v1/projects/dripster-trendy-fashion:testIamPermissions x-goog-quota-user=projects/dripster-trendy-fashion
[debug] [2025-04-27T05:34:07.543Z] >>> [apiv2][body] POST https://cloudresourcemanager.googleapis.com/v1/projects/dripster-trendy-fashion:testIamPermissions {"permissions":["firebase.projects.get"]}
[debug] [2025-04-27T05:34:09.075Z] <<< [apiv2][status] POST https://cloudresourcemanager.googleapis.com/v1/projects/dripster-trendy-fashion:testIamPermissions 200
[debug] [2025-04-27T05:34:09.076Z] <<< [apiv2][body] POST https://cloudresourcemanager.googleapis.com/v1/projects/dripster-trendy-fashion:testIamPermissions {"permissions":["firebase.projects.get"]}
[debug] [2025-04-27T05:34:09.076Z] Checked if tokens are valid: true, expires at: 1745735236509
[debug] [2025-04-27T05:34:09.076Z] Checked if tokens are valid: true, expires at: 1745735236509
[debug] [2025-04-27T05:34:09.076Z] Checked if tokens are valid: true, expires at: 1745735236509
[debug] [2025-04-27T05:34:09.076Z] Checked if tokens are valid: true, expires at: 1745735236509
[debug] [2025-04-27T05:34:09.076Z] >>> [apiv2][query] GET https://serviceusage.googleapis.com/v1/projects/dripster-trendy-fashion/services/cloudfunctions.googleapis.com [none]
[debug] [2025-04-27T05:34:09.077Z] >>> [apiv2][(partial)header] GET https://serviceusage.googleapis.com/v1/projects/dripster-trendy-fashion/services/cloudfunctions.googleapis.com x-goog-quota-user=projects/dripster-trendy-fashion
[debug] [2025-04-27T05:34:09.081Z] >>> [apiv2][query] GET https://serviceusage.googleapis.com/v1/projects/dripster-trendy-fashion/services/runtimeconfig.googleapis.com [none]
[debug] [2025-04-27T05:34:09.081Z] >>> [apiv2][(partial)header] GET https://serviceusage.googleapis.com/v1/projects/dripster-trendy-fashion/services/runtimeconfig.googleapis.com x-goog-quota-user=projects/dripster-trendy-fashion
[debug] [2025-04-27T05:34:10.906Z] <<< [apiv2][status] GET https://serviceusage.googleapis.com/v1/projects/dripster-trendy-fashion/services/cloudfunctions.googleapis.com 200
[debug] [2025-04-27T05:34:10.907Z] <<< [apiv2][body] GET https://serviceusage.googleapis.com/v1/projects/dripster-trendy-fashion/services/cloudfunctions.googleapis.com [omitted]
[debug] [2025-04-27T05:34:10.907Z] Checked if tokens are valid: true, expires at: 1745735236509
[debug] [2025-04-27T05:34:10.907Z] Checked if tokens are valid: true, expires at: 1745735236509
[debug] [2025-04-27T05:34:10.907Z] >>> [apiv2][query] POST https://serviceusage.googleapis.com/v1/projects/dripster-trendy-fashion/services/cloudfunctions.googleapis.com:enable [none]
[debug] [2025-04-27T05:34:10.907Z] >>> [apiv2][(partial)header] POST https://serviceusage.googleapis.com/v1/projects/dripster-trendy-fashion/services/cloudfunctions.googleapis.com:enable x-goog-quota-user=projects/dripster-trendy-fashion
[debug] [2025-04-27T05:34:11.099Z] <<< [apiv2][status] GET https://serviceusage.googleapis.com/v1/projects/dripster-trendy-fashion/services/runtimeconfig.googleapis.com 200
[debug] [2025-04-27T05:34:11.100Z] <<< [apiv2][body] GET https://serviceusage.googleapis.com/v1/projects/dripster-trendy-fashion/services/runtimeconfig.googleapis.com [omitted]
[debug] [2025-04-27T05:34:11.515Z] <<< [apiv2][status] POST https://serviceusage.googleapis.com/v1/projects/dripster-trendy-fashion/services/cloudfunctions.googleapis.com:enable 200
[debug] [2025-04-27T05:34:11.515Z] <<< [apiv2][body] POST https://serviceusage.googleapis.com/v1/projects/dripster-trendy-fashion/services/cloudfunctions.googleapis.com:enable [omitted]
[debug] [2025-04-27T05:34:21.517Z] Checked if tokens are valid: true, expires at: 1745735236509
[debug] [2025-04-27T05:34:21.518Z] Checked if tokens are valid: true, expires at: 1745735236509
[debug] [2025-04-27T05:34:21.518Z] >>> [apiv2][query] GET https://serviceusage.googleapis.com/v1/projects/dripster-trendy-fashion/services/cloudfunctions.googleapis.com [none]
[debug] [2025-04-27T05:34:21.518Z] >>> [apiv2][(partial)header] GET https://serviceusage.googleapis.com/v1/projects/dripster-trendy-fashion/services/cloudfunctions.googleapis.com x-goog-quota-user=projects/dripster-trendy-fashion
[debug] [2025-04-27T05:34:23.397Z] <<< [apiv2][status] GET https://serviceusage.googleapis.com/v1/projects/dripster-trendy-fashion/services/cloudfunctions.googleapis.com 200
[debug] [2025-04-27T05:34:23.398Z] <<< [apiv2][body] GET https://serviceusage.googleapis.com/v1/projects/dripster-trendy-fashion/services/cloudfunctions.googleapis.com [omitted]
[info] 
Detected existing codebase(s): default

[info] 
Overwriting codebase default...

[info] ✔  Wrote functions/package.json 
[info] i  functions/.eslintrc.js is unchanged 
[info] ✔  Wrote functions/tsconfig.json 
[info] i  functions/tsconfig.dev.json is unchanged 
[info] ✔  Wrote functions/src/index.ts 
[info] i  functions/.gitignore is unchanged 
[info] 
[info] i  genkit: Installing Genkit CLI version 1.7.0
 
[info] i  aiplatform: ensuring required API aiplatform.googleapis.com is enabled... 
[debug] [2025-04-27T05:35:14.218Z] Checked if tokens are valid: true, expires at: 1745735236509
[debug] [2025-04-27T05:35:14.218Z] Checked if tokens are valid: true, expires at: 1745735236509
[debug] [2025-04-27T05:35:14.218Z] >>> [apiv2][query] GET https://serviceusage.googleapis.com/v1/projects/dripster-trendy-fashion/services/aiplatform.googleapis.com [none]
[debug] [2025-04-27T05:35:14.218Z] >>> [apiv2][(partial)header] GET https://serviceusage.googleapis.com/v1/projects/dripster-trendy-fashion/services/aiplatform.googleapis.com x-goog-quota-user=projects/dripster-trendy-fashion
[debug] [2025-04-27T05:35:16.440Z] <<< [apiv2][status] GET https://serviceusage.googleapis.com/v1/projects/dripster-trendy-fashion/services/aiplatform.googleapis.com 200
[debug] [2025-04-27T05:35:16.440Z] <<< [apiv2][body] GET https://serviceusage.googleapis.com/v1/projects/dripster-trendy-fashion/services/aiplatform.googleapis.com [omitted]
[warn] ⚠  aiplatform: missing required API aiplatform.googleapis.com. Enabling now... 
[debug] [2025-04-27T05:35:16.441Z] Checked if tokens are valid: true, expires at: 1745735236509
[debug] [2025-04-27T05:35:16.441Z] Checked if tokens are valid: true, expires at: 1745735236509
[debug] [2025-04-27T05:35:16.441Z] >>> [apiv2][query] POST https://serviceusage.googleapis.com/v1/projects/dripster-trendy-fashion/services/aiplatform.googleapis.com:enable [none]
[debug] [2025-04-27T05:35:16.441Z] >>> [apiv2][(partial)header] POST https://serviceusage.googleapis.com/v1/projects/dripster-trendy-fashion/services/aiplatform.googleapis.com:enable x-goog-quota-user=projects/dripster-trendy-fashion
[debug] [2025-04-27T05:35:17.050Z] <<< [apiv2][status] POST https://serviceusage.googleapis.com/v1/projects/dripster-trendy-fashion/services/aiplatform.googleapis.com:enable 200
[debug] [2025-04-27T05:35:17.051Z] <<< [apiv2][body] POST https://serviceusage.googleapis.com/v1/projects/dripster-trendy-fashion/services/aiplatform.googleapis.com:enable [omitted]
[debug] [2025-04-27T05:35:27.052Z] Checked if tokens are valid: true, expires at: 1745735236509
[debug] [2025-04-27T05:35:27.052Z] Checked if tokens are valid: true, expires at: 1745735236509
[debug] [2025-04-27T05:35:27.052Z] >>> [apiv2][query] GET https://serviceusage.googleapis.com/v1/projects/dripster-trendy-fashion/services/aiplatform.googleapis.com [none]
[debug] [2025-04-27T05:35:27.052Z] >>> [apiv2][(partial)header] GET https://serviceusage.googleapis.com/v1/projects/dripster-trendy-fashion/services/aiplatform.googleapis.com x-goog-quota-user=projects/dripster-trendy-fashion
[debug] [2025-04-27T05:35:29.411Z] <<< [apiv2][status] GET https://serviceusage.googleapis.com/v1/projects/dripster-trendy-fashion/services/aiplatform.googleapis.com 200
[debug] [2025-04-27T05:35:29.411Z] <<< [apiv2][body] GET https://serviceusage.googleapis.com/v1/projects/dripster-trendy-fashion/services/aiplatform.googleapis.com [omitted]
[info] ✔  aiplatform: required API aiplatform.googleapis.com is enabled 
[info] i  genkit: Installing NPM packages for genkit 
[info] ✔  genkit: Successfully installed NPM packages 
[info] i  genkit: Updating tsconfig.json 
[info] ✔  genkit: Successfully updated tsconfig.json 
[info] i  genkit: Updating package.json 
[info] ✔  genkit: Successfully updated package.json 
[info] i  genkit: Generating sample file 
[info] ✔  genkit: Successfully generated sample file (src/genkit-sample.ts) 
[info] 
[info] 
Login to Google Cloud using:
[info]     gcloud auth application-default login --project dripster-trendy-fashion

[info] Then start the Genkit developer experience by running:
[info]     cd functions && npm run genkit:start
[info] 
=== Functions Setup
[debug] [2025-04-27T05:36:08.324Z] > command requires scopes: ["email","openid","https://www.googleapis.com/auth/cloudplatformprojects.readonly","https://www.googleapis.com/auth/firebase","https://www.googleapis.com/auth/cloud-platform"]
[debug] [2025-04-27T05:36:08.324Z] > authorizing via signed-in user (rai.satyam0201@gmail.com)
[debug] [2025-04-27T05:36:08.324Z] [iam] checking project dripster-trendy-fashion for permissions ["firebase.projects.get"]
[debug] [2025-04-27T05:36:08.325Z] Checked if tokens are valid: true, expires at: 1745735236509
[debug] [2025-04-27T05:36:08.325Z] Checked if tokens are valid: true, expires at: 1745735236509
[debug] [2025-04-27T05:36:08.326Z] >>> [apiv2][query] POST https://cloudresourcemanager.googleapis.com/v1/projects/dripster-trendy-fashion:testIamPermissions [none]
[debug] [2025-04-27T05:36:08.326Z] >>> [apiv2][(partial)header] POST https://cloudresourcemanager.googleapis.com/v1/projects/dripster-trendy-fashion:testIamPermissions x-goog-quota-user=projects/dripster-trendy-fashion
[debug] [2025-04-27T05:36:08.326Z] >>> [apiv2][body] POST https://cloudresourcemanager.googleapis.com/v1/projects/dripster-trendy-fashion:testIamPermissions {"permissions":["firebase.projects.get"]}
[debug] [2025-04-27T05:36:09.812Z] <<< [apiv2][status] POST https://cloudresourcemanager.googleapis.com/v1/projects/dripster-trendy-fashion:testIamPermissions 200
[debug] [2025-04-27T05:36:09.812Z] <<< [apiv2][body] POST https://cloudresourcemanager.googleapis.com/v1/projects/dripster-trendy-fashion:testIamPermissions {"permissions":["firebase.projects.get"]}
[debug] [2025-04-27T05:36:09.813Z] Checked if tokens are valid: true, expires at: 1745735236509
[debug] [2025-04-27T05:36:09.813Z] Checked if tokens are valid: true, expires at: 1745735236509
[debug] [2025-04-27T05:36:09.813Z] Checked if tokens are valid: true, expires at: 1745735236509
[debug] [2025-04-27T05:36:09.813Z] Checked if tokens are valid: true, expires at: 1745735236509
[debug] [2025-04-27T05:36:09.813Z] >>> [apiv2][query] GET https://serviceusage.googleapis.com/v1/projects/dripster-trendy-fashion/services/cloudfunctions.googleapis.com [none]
[debug] [2025-04-27T05:36:09.813Z] >>> [apiv2][(partial)header] GET https://serviceusage.googleapis.com/v1/projects/dripster-trendy-fashion/services/cloudfunctions.googleapis.com x-goog-quota-user=projects/dripster-trendy-fashion
[debug] [2025-04-27T05:36:09.816Z] >>> [apiv2][query] GET https://serviceusage.googleapis.com/v1/projects/dripster-trendy-fashion/services/runtimeconfig.googleapis.com [none]
[debug] [2025-04-27T05:36:09.816Z] >>> [apiv2][(partial)header] GET https://serviceusage.googleapis.com/v1/projects/dripster-trendy-fashion/services/runtimeconfig.googleapis.com x-goog-quota-user=projects/dripster-trendy-fashion
[debug] [2025-04-27T05:36:11.630Z] <<< [apiv2][status] GET https://serviceusage.googleapis.com/v1/projects/dripster-trendy-fashion/services/cloudfunctions.googleapis.com 200
[debug] [2025-04-27T05:36:11.630Z] <<< [apiv2][body] GET https://serviceusage.googleapis.com/v1/projects/dripster-trendy-fashion/services/cloudfunctions.googleapis.com [omitted]
[debug] [2025-04-27T05:36:11.812Z] <<< [apiv2][status] GET https://serviceusage.googleapis.com/v1/projects/dripster-trendy-fashion/services/runtimeconfig.googleapis.com 200
[debug] [2025-04-27T05:36:11.812Z] <<< [apiv2][body] GET https://serviceusage.googleapis.com/v1/projects/dripster-trendy-fashion/services/runtimeconfig.googleapis.com [omitted]
[info] 
Detected existing codebase(s): default

[info] 
Overwriting codebase default...

[info] ✔  Wrote functions/package.json 
[info] i  functions/.eslintrc.js is unchanged 
[info] ✔  Wrote functions/tsconfig.json 
[info] i  functions/tsconfig.dev.json is unchanged 
[info] i  functions/src/index.ts is unchanged 
[info] i  functions/.gitignore is unchanged 
[info] 
=== Apphosting Setup
[debug] [2025-04-27T05:36:27.389Z] Checked if tokens are valid: true, expires at: 1745735236509
[debug] [2025-04-27T05:36:27.389Z] Checked if tokens are valid: true, expires at: 1745735236509
[debug] [2025-04-27T05:36:27.389Z] >>> [apiv2][query] GET https://cloudbilling.googleapis.com/v1/projects/dripster-trendy-fashion/billingInfo [none]
[debug] [2025-04-27T05:36:28.099Z] <<< [apiv2][status] GET https://cloudbilling.googleapis.com/v1/projects/dripster-trendy-fashion/billingInfo 200
[debug] [2025-04-27T05:36:28.099Z] <<< [apiv2][body] GET https://cloudbilling.googleapis.com/v1/projects/dripster-trendy-fashion/billingInfo {"name":"projects/dripster-trendy-fashion/billingInfo","projectId":"dripster-trendy-fashion","billingAccountName":"","billingEnabled":false}
[info] i  Writing default settings to apphosting.yaml... 
[info] i  apphosting.yaml is unchanged 
[info] ✔  Create a new App Hosting backend with `firebase apphosting:backends:create` 
[info] 
=== Hosting Setup
[debug] [2025-04-27T05:36:28.102Z] Checked if tokens are valid: true, expires at: 1745735236509
[debug] [2025-04-27T05:36:28.102Z] Checked if tokens are valid: true, expires at: 1745735236509
[debug] [2025-04-27T05:36:28.102Z] >>> [apiv2][query] GET https://firebase.googleapis.com/v1beta1/projects/dripster-trendy-fashion [none]
[debug] [2025-04-27T05:36:28.536Z] <<< [apiv2][status] GET https://firebase.googleapis.com/v1beta1/projects/dripster-trendy-fashion 200
[debug] [2025-04-27T05:36:28.537Z] <<< [apiv2][body] GET https://firebase.googleapis.com/v1beta1/projects/dripster-trendy-fashion {"projectId":"dripster-trendy-fashion","projectNumber":"723827678023","displayName":"Dripster-Trendy Fashion ","name":"projects/dripster-trendy-fashion","resources":{"hostingSite":"dripster-trendy-fashion"},"state":"ACTIVE","etag":"1_a729c1e2-3d81-4324-8686-a6131be42031"}
[info] 
[info] Your public directory is the folder (relative to your project directory) that
[info] will contain Hosting assets to be uploaded with firebase deploy. If you
[info] have a build process for your assets, use your build's output directory.
[info] 
[debug] [2025-04-27T05:36:33.180Z] >>> [apiv2][query] GET https://www.gstatic.com/firebasejs/releases.json [none]
[debug] [2025-04-27T05:36:33.216Z] <<< [apiv2][status] GET https://www.gstatic.com/firebasejs/releases.json 200
[debug] [2025-04-27T05:36:33.216Z] <<< [apiv2][body] GET https://www.gstatic.com/firebasejs/releases.json {"current":{"version":"11.6.1","browserURL":"https://www.gstatic.com/firebasejs/11.6.1/firebase.js","packageURL":"https://www.gstatic.com/firebasejs/11.6.1/firebase.tgz"},"live":{"version":"11.6","browserURL":"https://www.gstatic.com/firebasejs/live/11.6/firebase.js","packageURL":"https://www.gstatic.com/firebasejs/live/11.6/firebase.tgz"},"components":{"analytics":"https://www.gstatic.com/firebasejs/11.6.1/firebase-analytics.js","app":"https://www.gstatic.com/firebasejs/11.6.1/firebase-app.js","app-check":"https://www.gstatic.com/firebasejs/11.6.1/firebase-app-check.js","auth":"https://www.gstatic.com/firebasejs/11.6.1/firebase-auth.js","auth/cordova":"https://www.gstatic.com/firebasejs/11.6.1/firebase-auth/cordova.js","auth/web-extension":"https://www.gstatic.com/firebasejs/11.6.1/firebase-auth/web-extension.js","functions":"https://www.gstatic.com/firebasejs/11.6.1/firebase-functions.js","firestore":"https://www.gstatic.com/firebasejs/11.6.1/firebase-firestore.js","firestore/lite":"https://www.gstatic.com/firebasejs/11.6.1/firebase-firestore/lite.js","installations":"https://www.gstatic.com/firebasejs/11.6.1/firebase-installations.js","storage":"https://www.gstatic.com/firebasejs/11.6.1/firebase-storage.js","performance":"https://www.gstatic.com/firebasejs/11.6.1/firebase-performance.js","remote-config":"https://www.gstatic.com/firebasejs/11.6.1/firebase-remote-config.js","messaging":"https://www.gstatic.com/firebasejs/11.6.1/firebase-messaging.js","messaging/sw":"https://www.gstatic.com/firebasejs/11.6.1/firebase-messaging/sw.js","database":"https://www.gstatic.com/firebasejs/11.6.1/firebase-database.js","vertexai":"https://www.gstatic.com/firebasejs/11.6.1/firebase-vertexai.js","data-connect":"https://www.gstatic.com/firebasejs/11.6.1/firebase-data-connect.js","firestore.memory":"https://www.gstatic.com/firebasejs/11.6.1/firebase-firestore.memory.js"}}
[info] i  public/index.html is unchanged 
[info] 
[info] i  Detected a .git folder at /Users/satyam/Documents/Projects/Dripster-beta/DripsterBeta4.0 
[info] i  Authorizing with GitHub to upload your service account to a GitHub repository's secrets store. 
[info] 
[info] Visit this URL on this device to log in:
[info] https://github.com/login/oauth/authorize?client_id=89cf50f02ac6aaed3484&state=630973049&redirect_uri=http%3A%2F%2Flocalhost%3A9005&scope=read%3Auser%20repo%20public_repo
[info] 
[info] Waiting for authentication...
[debug] [2025-04-27T05:36:34.463Z] >>> [apiv2][query] POST https://github.com/login/oauth/access_token [none]
[debug] [2025-04-27T05:36:34.463Z] >>> [apiv2][body] POST https://github.com/login/oauth/access_token [stream]
[debug] [2025-04-27T05:36:34.875Z] <<< [apiv2][status] POST https://github.com/login/oauth/access_token 200
[debug] [2025-04-27T05:36:34.876Z] <<< [apiv2][body] POST https://github.com/login/oauth/access_token {"access_token":"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","token_type":"bearer","scope":"read:user,repo"}
[debug] [2025-04-27T05:36:34.881Z] >>> [apiv2][query] GET https://api.github.com/user [none]
[debug] [2025-04-27T05:36:35.273Z] <<< [apiv2][status] GET https://api.github.com/user 200
[debug] [2025-04-27T05:36:35.273Z] <<< [apiv2][body] GET https://api.github.com/user {"login":"satyamrai0201","id":192766135,"node_id":"U_kgDOC31gtw","avatar_url":"https://avatars.githubusercontent.com/u/192766135?v=4","gravatar_id":"","url":"https://api.github.com/users/satyamrai0201","html_url":"https://github.com/satyamrai0201","followers_url":"https://api.github.com/users/satyamrai0201/followers","following_url":"https://api.github.com/users/satyamrai0201/following{/other_user}","gists_url":"https://api.github.com/users/satyamrai0201/gists{/gist_id}","starred_url":"https://api.github.com/users/satyamrai0201/starred{/owner}{/repo}","subscriptions_url":"https://api.github.com/users/satyamrai0201/subscriptions","organizations_url":"https://api.github.com/users/satyamrai0201/orgs","repos_url":"https://api.github.com/users/satyamrai0201/repos","events_url":"https://api.github.com/users/satyamrai0201/events{/privacy}","received_events_url":"https://api.github.com/users/satyamrai0201/received_events","type":"User","user_view_type":"private","site_admin":false,"name":null,"company":null,"blog":"","location":null,"email":null,"hireable":null,"bio":null,"twitter_username":null,"notification_email":null,"public_repos":1,"public_gists":0,"followers":0,"following":0,"created_at":"2024-12-25T05:21:11Z","updated_at":"2025-04-22T09:26:34Z","private_gists":0,"total_private_repos":5,"owned_private_repos":5,"disk_usage":15622,"collaborators":1,"two_factor_authentication":true,"plan":{"name":"free","space":976562499,"collaborators":0,"private_repos":10000}}
[info] 
[info] ✔  Success! Logged into GitHub as satyamrai0201 
[info] 
